set XX@NS <pass>
set testid@aaf.att.com <pass>
set testunused@aaf.att.com <pass>
set testid_1@test.com <pass>
set testid_2@test.com <pass>
set bogus boguspass
#delay 10
set NFR 0
as XX@NS
ns list name com.test.TC_NS3.@[user.name] 
** Expect 200 **

List Namespaces by Name[com.test.TC_NS3.@[THE_USER]]
--------------------------------------------------------------------------------
    *** Namespace Not Found ***

# TC_NS3.10.1.POS Create Namespace with User ID
ns create com.test.TC_NS3.@[user.name]_1 @[user.name] testid_1@test.com
** Expect 201 **
Created Namespace

as testid_1@test.com
# TC_NS3.20.0.NEG Too short
ns attrib
** Expect -1 **
Too few args: attrib <add|upd|del> <ns> <key> [value] 

# TC_NS3.20.1.NEG Wrong command
ns attrib xyz
** Expect -1 **
Too few args: attrib <add|upd|del> <ns> <key> [value] 

# TC_NS3.20.2.NEG Too Short after Command
ns attrib add
** Expect -1 **
Too few args: attrib <add|upd|del> <ns> <key> [value] 

# TC_NS3.20.3.NEG Too Short after Namespace
ns attrib add com.test.TC_NS3.@[user.name]
** Expect -1 **
Too few args: attrib <add|upd|del> <ns> <key> [value] 

# TC_NS3.20.4.NEG Too Short after Key
ns attrib add com.test.TC_NS3.@[user.name] TC_NS3_swm
** Expect -1 **
Not added: Need more Data

# TC_NS3.20.5.NEG No Permission
ns attrib add com.test.TC_NS3.@[user.name]_1 TC_NS3_swm v1
** Expect 403 **
Failed [SVC1403]: Forbidden - testid_1@test.com may not create NS Attrib [com.test.TC_NS3.@[THE_USER]_1:TC_NS3_swm]

# TC_NS3.20.6.POS Create Permission to write Attrib
as XX@NS
perm create com.att.aaf.attrib :com.att.*:TC_NS3_swm write com.test.TC_NS3.@[user.name]_1.admin
** Expect 201 **
Created Permission
Granted Permission [com.att.aaf.attrib|:com.att.*:TC_NS3_swm|write] to Role [com.test.TC_NS3.@[THE_USER]_1.admin]

# TC_NS3.20.6.POS Create Permission
perm create com.att.aaf.attrib :com.att.*:* read com.test.TC_NS3.@[user.name]_1.admin
** Expect 201 **
Created Permission
Granted Permission [com.att.aaf.attrib|:com.att.*:*|read] to Role [com.test.TC_NS3.@[THE_USER]_1.admin]

# TC_NS3.20.10.POS Attribute added
as testid_1@test.com
ns attrib add com.test.TC_NS3.@[user.name]_1 TC_NS3_swm v1
** Expect 201 **
Add Attrib TC_NS3_swm=v1 to com.test.TC_NS3.@[THE_USER]_1

# TC_NS3.20.30.POS List NS by Attrib
ns list keys TC_NS3_swm
** Expect 200 **

List Namespace Names by Attribute
--------------------------------------------------------------------------------
  com.test.TC_NS3.@[THE_USER]_1                                                

# TC_NS3.20.40.POS List NS (shows Attrib)
ns list name com.test.TC_NS3.@[user.name]_1
** Expect 200 **

List Namespaces by Name[com.test.TC_NS3.@[THE_USER]_1]
--------------------------------------------------------------------------------
com.test.TC_NS3.@[THE_USER]_1
    Administrators
        testid_1@test.com                                                       
    Responsible Parties
        @[THE_USER]@csp.att.com                                                      
    Namespace Attributes
        TC_NS3_swm=v1                                                           
    Roles
        com.test.TC_NS3.@[THE_USER]_1.admin                                          
        com.test.TC_NS3.@[THE_USER]_1.owner                                          
    Permissions
        com.test.TC_NS3.@[THE_USER]_1.access *                        *              
        com.test.TC_NS3.@[THE_USER]_1.access *                        read           

# TC_NS3.20.42.POS Change Attrib
ns attrib upd com.test.TC_NS3.@[user.name]_1 TC_NS3_swm Version1
** Expect 200 **
Update Attrib TC_NS3_swm=Version1 for com.test.TC_NS3.@[THE_USER]_1

# TC_NS3.20.49.POS List NS (shows new Attrib)
ns list name com.test.TC_NS3.@[user.name]_1
** Expect 200 **

List Namespaces by Name[com.test.TC_NS3.@[THE_USER]_1]
--------------------------------------------------------------------------------
com.test.TC_NS3.@[THE_USER]_1
    Administrators
        testid_1@test.com                                                       
    Responsible Parties
        @[THE_USER]@csp.att.com                                                      
    Namespace Attributes
        TC_NS3_swm=Version1                                                     
    Roles
        com.test.TC_NS3.@[THE_USER]_1.admin                                          
        com.test.TC_NS3.@[THE_USER]_1.owner                                          
    Permissions
        com.test.TC_NS3.@[THE_USER]_1.access *                        *              
        com.test.TC_NS3.@[THE_USER]_1.access *                        read           

# TC_NS3.20.80.POS Remove write Permission
perm ungrant com.att.aaf.attrib :com.att.*:TC_NS3_swm write com.test.TC_NS3.@[user.name]_1.admin
** Expect 200 **
UnGranted Permission [com.att.aaf.attrib|:com.att.*:TC_NS3_swm|write] from Role [com.test.TC_NS3.@[THE_USER]_1.admin]

# TC_NS3.20.83.POS Remove read Permission
perm ungrant com.att.aaf.attrib :com.att.*:* read com.test.TC_NS3.@[user.name]_1.admin
** Expect 200 **
UnGranted Permission [com.att.aaf.attrib|:com.att.*:*|read] from Role [com.test.TC_NS3.@[THE_USER]_1.admin]

as testid_1@test.com
# TC_NS3.50.2.NEG Too Short after Command
ns attrib del
** Expect -1 **
Too few args: attrib <add|upd|del> <ns> <key> [value] 

# TC_NS3.50.3.NEG Too Short after Namespace
ns attrib del com.test.TC_NS3.@[user.name]
** Expect -1 **
Too few args: attrib <add|upd|del> <ns> <key> [value] 

# TC_NS3.50.5.NEG No Permission
ns attrib del com.test.TC_NS3.@[user.name]_1 TC_NS3_swm 
** Expect 403 **
Failed [SVC1403]: Forbidden - testid_1@test.com may not delete NS Attrib [com.test.TC_NS3.@[THE_USER]_1:TC_NS3_swm]

# TC_NS3.50.6.POS Create Permission
as XX@NS
perm grant com.att.aaf.attrib :com.att.*:TC_NS3_swm write com.test.TC_NS3.@[user.name]_1.admin
** Expect 201 **
Granted Permission [com.att.aaf.attrib|:com.att.*:TC_NS3_swm|write] to Role [com.test.TC_NS3.@[THE_USER]_1.admin]

# TC_NS3.50.7.POS Attribute added
as testid_1@test.com
ns attrib del com.test.TC_NS3.@[user.name]_1 TC_NS3_swm 
** Expect 200 **
Attrib TC_NS3_swm deleted from com.test.TC_NS3.@[THE_USER]_1

# TC_NS3.50.8.POS Remove Permission
as XX@NS
perm ungrant com.att.aaf.attrib :com.att.*:TC_NS3_swm write com.test.TC_NS3.@[user.name]_1.admin
** Expect 200 **
UnGranted Permission [com.att.aaf.attrib|:com.att.*:TC_NS3_swm|write] from Role [com.test.TC_NS3.@[THE_USER]_1.admin]

as testid_1@test.com
# TC_NS3.99.2.POS Namespace Admin can delete Namespace
force ns delete com.test.TC_NS3.@[user.name]_1
** Expect 200,404 **
Deleted Namespace

# TC_NS3.99.3.POS Print Namespaces
ns list name com.test.TC_NS3.@[user.name]_1
** Expect 200,404 **

List Namespaces by Name[com.test.TC_NS3.@[THE_USER]_1]
--------------------------------------------------------------------------------
    *** Namespace Not Found ***

# TC_NS3.99.10.POS Remove Special Permissions
as XX@NS
force perm delete com.att.aaf.attrib :com.att.*:TC_NS3_swm write
** Expect 200,404 **
Deleted Permission

force perm delete com.att.aaf.attrib :com.att.*:* read
** Expect 200,404 **
Deleted Permission

